
=== WAO GEO Content Generation ===
Client: retter

Generating 10 action(s) with concurrency 2...

  🔀 #1 "nlp" — HEAD_TERM_ON_LOCATION → switching to geo-FAQ mode
  ⚙  #1 "nlp" [faq_block/GEO] → crawling https://www.retter.co.il/petah-tikva-branch/...
  🔀 #2 "קורס nlp אונליין" — MULTI_URL cannibalization → narrowing to non-overlapping facet
  ⚙  #2 "קורס nlp אונליין" [faq_block/NARROW] → crawling https://www.retter.co.il/%D7%9C%D7%99%D7%9E%D7%95%D7%93%D7%99-nlp-%D7%90%D7%95%D7%A0%D7%9C%D7%99%D7%99%D7%9F/...
     ✓ lexicon: selfRef=[סניף פתח תקווה, לימודי, מכללת רטר לימודי] services=[לימודי, סניף, פתח, תקווה]
     → Tamar...
     ✓ lexicon: selfRef=[אונליין, קורס, בזום שנותן הכשרה] services=[לימודי, אונליין, קורס, בזום, שנותן]
     → Tamar...
[DEBUG_QWEN] attempt 1/3 failed: The operation was aborted due to timeout
[DEBUG_QWEN] attempt 1/3 failed: The operation was aborted due to timeout
[DEBUG_QWEN] attempt 2/3 failed: The operation was aborted due to timeout
[DEBUG_QWEN] attempt 2/3 failed: The operation was aborted due to timeout
[DEBUG_QWEN] attempt 3/3 failed: The operation was aborted due to timeout
  ❌ Tamar failed for #1: The operation was aborted due to timeout
  ⏭  #3 "nlp" — already generated, skipping
  🔀 #4 "לימודי nlp" — MULTI_URL cannibalization → narrowing to non-overlapping facet
  ⚙  #4 "לימודי nlp" [faq_block/NARROW] → crawling https://www.retter.co.il/ness-ziona-branch/...
     ✓ lexicon: selfRef=[סניף נס ציונה, לימודי, מכללת רטר לימודי] services=[לימודי, סניף, ציונה]
     → Tamar...
[DEBUG_QWEN] attempt 3/3 failed: The operation was aborted due to timeout
  ❌ Tamar failed for #2: The operation was aborted due to timeout
  ⏭  #5 "מאסטר nlp" — already generated, skipping
  🔀 #6 "nlp לילדים" — MULTI_URL cannibalization → narrowing to non-overlapping facet
  ⚙  #6 "nlp לילדים" [faq_block/NARROW] → crawling https://www.retter.co.il/%D7%98%D7%99%D7%A4%D7%95%D7%9C-nlp-%D7%9C%D7%99%D7%9C%D7%93%D7%99%D7%9D/...
     ✓ lexicon: selfRef=[טיפול, לילדים טיפול, לילדים] services=[טיפול, לילדים]
     → Tamar...
